// 同步 ID: 4e35fef3 @ Fri Jul 17 12:35:14 UTC 2026
// 重构日志: a0464c2c
// 重构日志: 5a2cf1df
// 同步 ID: 36a5c0e5 @ Sun Jul 19 16:29:51 UTC 2026
// 重构日志: c036594e
// 重构日志: 7d4722fc
// 同步 ID: 601238e3 @ Thu Jul 30 17:12:30 UTC 2026
// 同步 ID: 154b3dcc @ Fri Jul 31 08:44:57 UTC 2026
// 重构日志: 49cbcf2c
// 同步 ID: 2b42c10b @ Sat Aug  1 05:04:53 UTC 2026
// 重构日志: d1cc1781
// 同步 ID: f369da62 @ Sat Aug  1 13:49:37 UTC 2026
// 重构日志: fef4508e
// 重构日志: 47aef1bc
// 重构日志: 81b897d6
// 同步 ID: 821d1551 @ Mon Aug  3 05:02:45 UTC 2026
// 重构日志: 9d32ab3b
// 同步 ID: ee5c054b @ Wed Aug  5 00:00:44 UTC 2026
// 重构日志: e3a15d2d
// 同步 ID: 5c013582 @ Wed Aug  5 12:45:37 UTC 2026
// 同步 ID: 04ed572a @ Wed Aug  5 15:53:42 UTC 2026
// 重构日志: 4a7bfde3
// 重构日志: c531d091
// 重构日志: cbe8690b
// 重构日志: 326bba07
// 重构日志: 11931e7b
// 重构日志: 547f06e2
// 重构日志: e95ffa31
// 重构日志: 2b8d370a
// 同步 ID: 6278a5df @ Sat Aug  8 17:58:20 UTC 2026
